Error at line 3: Found type: <bool>, ExpectedType: <int>
