New put: Variable: return Value: 0
{return=0}
New put: Variable: returnValue Value: 0
{returnValue=0, return=0}
New put: Variable: i Value: 10
{returnValue=0, i=10, return=0}
New get: Variable: i Value: 10
New get: Variable: return Value: 0
New get: Variable: i Value: 10
New put: Variable: a Value: 10
{a=10}
New put: Variable: b Value: 20
{a=10, b=20}
New put: Variable: return Value: 0
{a=10, b=20, return=0}
New put: Variable: returnValue Value: 0
{a=10, b=20, returnValue=0, return=0}
New get: Variable: a Value: 10
New get: Variable: b Value: 20
New put: Variable: return Value: 1
{a=10, b=20, returnValue=0, return=1}
New put: Variable: returnValue Value: 30
{a=10, b=20, returnValue=30, return=1}
New get: Variable: return Value: 1
New get: Variable: returnValue Value: 30
30
New get: Variable: return Value: 0
