New put: Variable: return Value: 0
{return=0}
New put: Variable: returnValue Value: 0
{returnValue=0, return=0}
7
New get: Variable: return Value: 0
10
New get: Variable: return Value: 0
