New put: Variable: return Value: 0
{return=0}
New put: Variable: returnValue Value: 0
{returnValue=0, return=0}
New put: Variable: return Value: 1
{returnValue=0, return=1}
New put: Variable: returnValue Value: 0
{returnValue=0, return=1}
New get: Variable: return Value: 1
New get: Variable: returnValue Value: 0
