Error at line 2: Found Type: <unknown>, ExpectedType: <int>
