Error at line 2: Found Type: <int>, ExpectedType: <bool>
