Program
  List
    FunctionDecl ID="f"
      List
        Param ID="x"
      Block
        List
          ReturnStmt
            Unary
              VariableUse ID="x"
